// Jest Snapshot v1, https://goo.gl/fbAQLP

exports[`Pages Index match snapshot test 1`] = `
<IndexPage>
  <Layout
    title="Home | Next.js + TypeScript Example"
  >
    <div>
      <Head>
        <Component
          handleStateChange={null}
          inAmpMode={false}
          reduceComponentsToState={[Function]}
        />
      </Head>
      <header>
        <nav>
          <Link
            href="/"
          >
            <a
              href="/"
              onClick={[Function]}
              onMouseEnter={[Function]}
            >
              Home
            </a>
          </Link>
           
          |
           
          <Link
            href="/about"
          >
            <a
              href="/about"
              onClick={[Function]}
              onMouseEnter={[Function]}
            >
              About
            </a>
          </Link>
           
          |
           
          <Link
            href="/users"
          >
            <a
              href="/users"
              onClick={[Function]}
              onMouseEnter={[Function]}
            >
              Users List
            </a>
          </Link>
        </nav>
      </header>
      <h1>
        Hello Next.js ðŸ‘‹
      </h1>
      <p>
        <Link
          href="/about"
        >
          <a
            href="/about"
            onClick={[Function]}
            onMouseEnter={[Function]}
          >
            About
          </a>
        </Link>
      </p>
      <footer>
        <hr />
        <span>
          I'm here to stay (Footer)
        </span>
      </footer>
    </div>
  </Layout>
</IndexPage>
`;
